---
source: crates/ruff_linter/src/rules/brt_lint/mod.rs
---
BRT001.py:1:5: BRT001 Single lettered function named: `a`
  |
1 | def a(): # BRT001
  |     ^ BRT001
2 |     pass
  |

BRT001.py:4:5: BRT001 Single lettered function named: `A`
  |
2 |     pass
3 | 
4 | def A(): # BRT001
  |     ^ BRT001
5 |     return 
  |
