---
source: crates/ruff_linter/src/rules/wps_light/mod.rs
snapshot_kind: text
---
WPS463.py:20:1: WPS463 Getter function returns no value.
   |
18 |           return none_val
19 |   
20 | / def get_val():  # [WPS463]
21 | |     return
   | |__________^ WPS463
22 |   
23 |   def get_val():
   |

WPS463.py:33:5: WPS463 Getter function returns no value.
   |
32 |   class X:
33 |       def get_val():  # [WPS463]
   |  _____^
34 | |         return
   | |______________^ WPS463
35 |   
36 |   def get_val(cond_val):
   |

WPS463.py:46:1: WPS463 Getter function returns no value.
   |
44 |           return None
45 |       
46 | / def get_val(cond_val):  # [WPS463]
47 | |     if cond_val:
48 | |         return
49 | |     while not cond_val:
50 | |         print(cond_val)
   | |_______________________^ WPS463
51 |   
52 |   def get_val(cond_val):
   |
